00:59:37: Namespace(batch_size=100, batch_size_jac=200, test_batch_size=100, multiplier=1, epochs=300, lr=0.01, momentum=0.9, no_cuda=False, seed=17, log_interval=100, optimizer='adam', save='1743137977563484.pt', data='Roman-empire', decay_frequency=25000, l1=0.0, fp16=False, valid_split=0.1, resume=None, start_epoch=1, model='gcn', l2=0.0005, iters=3, save_features=False, bench=False, max_threads=10, decay_schedule='cosine', growth_schedule='momentum', lr_scheduler=False, adj_sparse=True, feature_sparse=False, weight_sparse=True, dim=512, cuda=0, fagcn_layer_num=1, fagcn_dropout=0, fagcn_eps=0.1, mixhop_layer_num=1, mixhop_dropout=0, mixhop_hop=2, gprgnn_alpha=0.1, gprgnn_k=10, h2gcn_dropout=0.1, growth='gradient', prune='magnitude', redistribution='none', prune_rate=0.3, pruning_rate=0.5, sparse=True, fix=False, update_frequency=100, sparse_init='ERK', method='GraNet', init_density=1.0, final_density=0.05, init_density_adj=1.0, final_density_adj=0.5, init_density_feature=1.0, final_density_feature=0.5, init_prune_epoch=0, final_prune_epoch=110, rm_first=False)
00:59:37: 


00:59:37: ================================================================================
00:59:37: 
Iteration start: 1/3

00:59:38: GCNNet(
  (conv1): GCNConv(300, 512)
  (conv2): GCNConv(512, 18)
)
00:59:38: ============================================================
00:59:38: gcn
00:59:38: ============================================================
00:59:38: ============================================================
00:59:38: Prune mode: magnitude
00:59:38: Growth mode: gradient
00:59:38: Redistribution mode: none
00:59:38: ============================================================
00:59:45: 
Iteration start: 2/3

00:59:45: GCNNet(
  (conv1): GCNConv(300, 512)
  (conv2): GCNConv(512, 18)
)
00:59:45: ============================================================
00:59:45: gcn
00:59:45: ============================================================
00:59:45: ============================================================
00:59:45: Prune mode: magnitude
00:59:45: Growth mode: gradient
00:59:45: Redistribution mode: none
00:59:45: ============================================================
00:59:51: 
Iteration start: 3/3

00:59:51: GCNNet(
  (conv1): GCNConv(300, 512)
  (conv2): GCNConv(512, 18)
)
00:59:51: ============================================================
00:59:51: gcn
00:59:51: ============================================================
00:59:51: ============================================================
00:59:51: Prune mode: magnitude
00:59:51: Growth mode: gradient
00:59:51: Redistribution mode: none
00:59:51: ============================================================
