13:25:32: Namespace(batch_size=100, batch_size_jac=200, test_batch_size=100, multiplier=1, epochs=100, lr=0.01, momentum=0.9, no_cuda=False, seed=17, log_interval=100, optimizer='adam', save='17430099328041968.pt', data='arxiv-year', decay_frequency=25000, l1=0.0, fp16=False, valid_split=0.1, resume=None, start_epoch=1, model='gcn', l2=0.0005, iters=3, save_features=False, bench=False, max_threads=10, decay_schedule='cosine', growth_schedule='momentum', lr_scheduler=False, adj_sparse=True, feature_sparse=False, weight_sparse=True, dim=512, cuda=0, fagcn_layer_num=1, fagcn_dropout=0, fagcn_eps=0.1, mixhop_layer_num=1, mixhop_dropout=0, mixhop_hop=2, gprgnn_alpha=0.1, gprgnn_k=10, h2gcn_dropout=0.1, growth='gradient', prune='magnitude', redistribution='none', prune_rate=0.3, pruning_rate=0.5, sparse=True, fix=False, update_frequency=100, sparse_init='ERK', method='GraNet', init_density=1.0, final_density=0.05, init_density_adj=1.0, final_density_adj=0.5, init_density_feature=1.0, final_density_feature=0.5, init_prune_epoch=0, final_prune_epoch=110, rm_first=False)
13:25:32: 


13:25:32: ================================================================================
13:25:32: 
Iteration start: 1/3

13:25:35: GCNNet(
  (conv1): GCNConv(128, 512)
  (conv2): GCNConv(512, 5)
)
13:25:35: ============================================================
13:25:35: gcn
13:25:35: ============================================================
13:25:35: ============================================================
13:25:35: Prune mode: magnitude
13:25:35: Growth mode: gradient
13:25:35: Redistribution mode: none
13:25:35: ============================================================
13:26:10: 
Iteration start: 2/3

13:26:12: GCNNet(
  (conv1): GCNConv(128, 512)
  (conv2): GCNConv(512, 5)
)
13:26:12: ============================================================
13:26:12: gcn
13:26:12: ============================================================
13:26:12: ============================================================
13:26:12: Prune mode: magnitude
13:26:12: Growth mode: gradient
13:26:12: Redistribution mode: none
13:26:12: ============================================================
13:26:47: 
Iteration start: 3/3

13:26:48: GCNNet(
  (conv1): GCNConv(128, 512)
  (conv2): GCNConv(512, 5)
)
13:26:48: ============================================================
13:26:48: gcn
13:26:48: ============================================================
13:26:48: ============================================================
13:26:48: Prune mode: magnitude
13:26:48: Growth mode: gradient
13:26:48: Redistribution mode: none
13:26:48: ============================================================
