11:23:31: Namespace(batch_size=100, batch_size_jac=200, test_batch_size=100, multiplier=1, epochs=250, lr=0.01, momentum=0.9, no_cuda=False, seed=17, log_interval=100, optimizer='adam', save='17430026110619297.pt', data='SmallCora', decay_frequency=25000, l1=0.0, fp16=False, valid_split=0.1, resume=None, start_epoch=1, model='gcn', l2=0.0005, iters=3, save_features=False, bench=False, max_threads=10, decay_schedule='cosine', growth_schedule='gradient', lr_scheduler=False, adj_sparse=False, feature_sparse=False, weight_sparse=False, dim=512, cuda=0, fagcn_layer_num=1, fagcn_dropout=0, fagcn_eps=0.1, mixhop_layer_num=1, mixhop_dropout=0, mixhop_hop=2, gprgnn_alpha=0.1, gprgnn_k=10, h2gcn_dropout=0.1, growth='gradient', prune='magnitude', redistribution='none', prune_rate=0.5, pruning_rate=0.5, sparse=False, fix=False, update_frequency=100, sparse_init='ERK', method='GraNet', init_density=1.0, final_density=0.05, init_density_adj=1.0, final_density_adj=0.5, init_density_feature=1.0, final_density_feature=0.5, init_prune_epoch=0, final_prune_epoch=110, rm_first=False)
11:23:31: 


11:23:31: ================================================================================
11:23:31: 
Iteration start: 1/3

11:23:31: GCNNet(
  (conv1): GCNConv(1433, 512)
  (conv2): GCNConv(512, 7)
)
11:23:31: ============================================================
11:23:31: gcn
11:23:31: ============================================================
11:23:31: ============================================================
11:23:31: Prune mode: magnitude
11:23:31: Growth mode: gradient
11:23:31: Redistribution mode: none
11:23:31: ============================================================
11:23:33: 
Iteration start: 2/3

11:23:33: GCNNet(
  (conv1): GCNConv(1433, 512)
  (conv2): GCNConv(512, 7)
)
11:23:33: ============================================================
11:23:33: gcn
11:23:33: ============================================================
11:23:33: ============================================================
11:23:33: Prune mode: magnitude
11:23:33: Growth mode: gradient
11:23:33: Redistribution mode: none
11:23:33: ============================================================
11:23:34: 
Iteration start: 3/3

11:23:34: GCNNet(
  (conv1): GCNConv(1433, 512)
  (conv2): GCNConv(512, 7)
)
11:23:34: ============================================================
11:23:34: gcn
11:23:34: ============================================================
11:23:34: ============================================================
11:23:34: Prune mode: magnitude
11:23:34: Growth mode: gradient
11:23:34: Redistribution mode: none
11:23:34: ============================================================
