00:07:47: Namespace(batch_size=100, batch_size_jac=200, test_batch_size=100, multiplier=1, epochs=200, lr=0.01, momentum=0.9, no_cuda=False, seed=17, log_interval=100, optimizer='adam', save='17431348676429224.pt', data='johnshopkins55', decay_frequency=25000, l1=0.0, fp16=False, valid_split=0.1, resume=None, start_epoch=1, model='h2gcn', l2=0.0005, iters=3, save_features=False, bench=False, max_threads=10, decay_schedule='cosine', growth_schedule='gradient', lr_scheduler=False, adj_sparse=False, feature_sparse=False, weight_sparse=False, dim=512, cuda=0, fagcn_layer_num=1, fagcn_dropout=0, fagcn_eps=0.1, mixhop_layer_num=1, mixhop_dropout=0, mixhop_hop=2, gprgnn_alpha=0.1, gprgnn_k=10, h2gcn_dropout=0.1, growth='gradient', prune='magnitude', redistribution='none', prune_rate=0.5, pruning_rate=0.5, sparse=False, fix=False, update_frequency=100, sparse_init='ERK', method='GraNet', init_density=1.0, final_density=0.05, init_density_adj=1.0, final_density_adj=0.5, init_density_feature=1.0, final_density_feature=0.5, init_prune_epoch=0, final_prune_epoch=110, rm_first=False)
00:07:47: 


00:07:47: ================================================================================
00:07:47: 
Iteration start: 1/3

00:07:48: HGCN(
  (lin1): Linear(in_features=2406, out_features=512, bias=True)
  (lin): Linear(in_features=2560, out_features=3, bias=True)
)
00:07:48: ============================================================
00:07:48: h2gcn
00:07:48: ============================================================
00:07:48: ============================================================
00:07:48: Prune mode: magnitude
00:07:48: Growth mode: gradient
00:07:48: Redistribution mode: none
00:07:48: ============================================================
00:07:58: 
Iteration start: 2/3

00:07:58: HGCN(
  (lin1): Linear(in_features=2406, out_features=512, bias=True)
  (lin): Linear(in_features=2560, out_features=3, bias=True)
)
00:07:58: ============================================================
00:07:58: h2gcn
00:07:58: ============================================================
00:07:58: ============================================================
00:07:58: Prune mode: magnitude
00:07:58: Growth mode: gradient
00:07:58: Redistribution mode: none
00:07:58: ============================================================
00:08:08: 
Iteration start: 3/3

00:08:08: HGCN(
  (lin1): Linear(in_features=2406, out_features=512, bias=True)
  (lin): Linear(in_features=2560, out_features=3, bias=True)
)
00:08:08: ============================================================
00:08:08: h2gcn
00:08:08: ============================================================
00:08:08: ============================================================
00:08:08: Prune mode: magnitude
00:08:08: Growth mode: gradient
00:08:08: Redistribution mode: none
00:08:08: ============================================================
